// Jest Snapshot v1, https://goo.gl/fbAQLP

exports[`Logos should load images 1`] = `
<div class="row justify-center">
  <div class="col-sm-4 col-2">
    <div role="img" aria-label="Mongo logo" class="v-responsive v-image shrink mt-3" style="height: 200px;">
      <transition-stub name="fade-transition" mode="in-out">
        <div class="v-image__image v-image__image--preload v-image__image--contain" style="background-position: center center;"></div>
      </transition-stub>
      <div class="v-responsive__content"></div>
    </div>
  </div>
  <div class="col-sm-4 col-2">
    <div role="img" aria-label="Express logo" class="v-responsive v-image shrink mt-3" style="height: 200px;">
      <transition-stub name="fade-transition" mode="in-out">
        <div class="v-image__image v-image__image--preload v-image__image--contain" style="background-position: center center;"></div>
      </transition-stub>
      <div class="v-responsive__content"></div>
    </div>
  </div>
  <div class="col-sm-4 col-2">
    <div class="v-responsive v-image" style="height: 200px;">
      <transition-stub name="fade-transition" mode="in-out">
        <div class="v-image__image v-image__image--preload v-image__image--contain" style="background-position: center center;"></div>
      </transition-stub>
      <div class="v-responsive__content"></div>
    </div>
  </div>
  <div class="col-sm-4 col-2">
    <div role="img" aria-label="Vue logo" class="v-responsive v-image shrink mt-3" style="height: 200px;">
      <transition-stub name="fade-transition" mode="in-out">
        <div class="v-image__image v-image__image--preload v-image__image--contain" style="background-position: center center;"></div>
      </transition-stub>
      <div class="v-responsive__content"></div>
    </div>
  </div>
  <div class="col-sm-4 col-2">
    <div role="img" aria-label="Nodejs logo" class="v-responsive v-image shrink mt-3" style="height: 200px;">
      <transition-stub name="fade-transition" mode="in-out">
        <div class="v-image__image v-image__image--preload v-image__image--contain" style="background-position: center center;"></div>
      </transition-stub>
      <div class="v-responsive__content"></div>
    </div>
  </div>
  <div class="col-sm-4 col-8">
    <div role="img" aria-label="Nodejs logo" class="v-responsive v-image shrink mt-3" style="height: 200px;">
      <transition-stub name="fade-transition" mode="in-out">
        <div class="v-image__image v-image__image--preload v-image__image--contain" style="background-position: center center;"></div>
      </transition-stub>
      <div class="v-responsive__content"></div>
    </div>
  </div>
</div>
`;
